// Jest Snapshot v1, https://goo.gl/fbAQLP

exports[`Time tracking Props valid 1`] = `
Object {
  "asFragment": [Function],
  "baseElement": <body>
    <div>
      <div
        class="options"
      >
        <h1>
          TIME TRACKING
        </h1>
        <input
          class="slider"
          list="steplist"
          max="15"
          min="5"
          readonly=""
          type="range"
          value="10"
        />
        <div
          aria-hidden="true"
          class="range__output"
          data-tip="true"
        >
          <div
            class="range__output-value-track"
          >
            <div
              class="range__output-values"
              data-values="true"
            />
          </div>
        </div>
        <div
          class="ticks"
        >
          <span
            class="o_txt"
          >
            01/01/1970
          </span>
          <span
            class="o_txt"
          >
            01/01/1970
          </span>
          <span
            class="o_txt"
          >
            01/01/1970
          </span>
        </div>
      </div>
    </div>
  </body>,
  "container": <div>
    <div
      class="options"
    >
      <h1>
        TIME TRACKING
      </h1>
      <input
        class="slider"
        list="steplist"
        max="15"
        min="5"
        readonly=""
        type="range"
        value="10"
      />
      <div
        aria-hidden="true"
        class="range__output"
        data-tip="true"
      >
        <div
          class="range__output-value-track"
        >
          <div
            class="range__output-values"
            data-values="true"
          />
        </div>
      </div>
      <div
        class="ticks"
      >
        <span
          class="o_txt"
        >
          01/01/1970
        </span>
        <span
          class="o_txt"
        >
          01/01/1970
        </span>
        <span
          class="o_txt"
        >
          01/01/1970
        </span>
      </div>
    </div>
  </div>,
  "debug": [Function],
  "findAllByAltText": [Function],
  "findAllByDisplayValue": [Function],
  "findAllByLabelText": [Function],
  "findAllByPlaceholderText": [Function],
  "findAllByRole": [Function],
  "findAllByTestId": [Function],
  "findAllByText": [Function],
  "findAllByTitle": [Function],
  "findByAltText": [Function],
  "findByDisplayValue": [Function],
  "findByLabelText": [Function],
  "findByPlaceholderText": [Function],
  "findByRole": [Function],
  "findByTestId": [Function],
  "findByText": [Function],
  "findByTitle": [Function],
  "getAllByAltText": [Function],
  "getAllByDisplayValue": [Function],
  "getAllByLabelText": [Function],
  "getAllByPlaceholderText": [Function],
  "getAllByRole": [Function],
  "getAllByTestId": [Function],
  "getAllByText": [Function],
  "getAllByTitle": [Function],
  "getByAltText": [Function],
  "getByDisplayValue": [Function],
  "getByLabelText": [Function],
  "getByPlaceholderText": [Function],
  "getByRole": [Function],
  "getByTestId": [Function],
  "getByText": [Function],
  "getByTitle": [Function],
  "queryAllByAltText": [Function],
  "queryAllByDisplayValue": [Function],
  "queryAllByLabelText": [Function],
  "queryAllByPlaceholderText": [Function],
  "queryAllByRole": [Function],
  "queryAllByTestId": [Function],
  "queryAllByText": [Function],
  "queryAllByTitle": [Function],
  "queryByAltText": [Function],
  "queryByDisplayValue": [Function],
  "queryByLabelText": [Function],
  "queryByPlaceholderText": [Function],
  "queryByRole": [Function],
  "queryByTestId": [Function],
  "queryByText": [Function],
  "queryByTitle": [Function],
  "rerender": [Function],
  "unmount": [Function],
}
`;
